"09.02 10:23:09,071|" Key: testname."09.02 10:27:55,058|" Key: testname."09.02 10:28:26,185|" Key: testname."09.02 10:28:36,286|" Key: testname."09.02 10:28:51,226|" Key: testname."09.02 10:29:05,433|" Key: testname."09.02 10:32:07,288|" Key: testname."09.02 10:32:37,984|" Key: testname."09.02 10:34:18,102|" Key: testname.